// Jest Snapshot v1, https://goo.gl/fbAQLP

exports[`renders without crashing 1`] = `
<div
  className="flexcenter-container"
>
  <div
    className="dashboard-header"
  >
    <p
      className="dashboard-header-text-large"
    >
      Volunteer Leaderboard
    </p>
  </div>
  <div
    className="events-list"
  >
    <ul />
  </div>
</div>
`;
